2025-07-02 10:04:17 [ERROR]: Error: accountSid must start with AC
    at new Client (E:\Project 2\backend\node_modules\twilio\lib\base\BaseTwilio.js:71:23)
    at new Twilio (E:\Project 2\backend\node_modules\twilio\lib\rest\Twilio.js:33:9)
    at TwilioSDK (E:\Project 2\backend\node_modules\twilio\lib\index.js:40:12)
    at NotificationService.initializeServices (E:\Project 2\backend\services\notificationService.js:36:26)
    at new NotificationService (E:\Project 2\backend\services\notificationService.js:9:10)
    at Object.<anonymous> (E:\Project 2\backend\services\notificationService.js:437:18)
    at Module._compile (node:internal/modules/cjs/loader:1730:14)
    at Object..js (node:internal/modules/cjs/loader:1895:10)
    at Module.load (node:internal/modules/cjs/loader:1465:32)
    at Function._load (node:internal/modules/cjs/loader:1282:12)
2025-07-02 10:04:18 [ERROR]: ❌ MongoDB connection failed:
2025-07-02 10:15:48 [ERROR]: Error: accountSid must start with AC
    at new Client (E:\Project 2\backend\node_modules\twilio\lib\base\BaseTwilio.js:71:23)
    at new Twilio (E:\Project 2\backend\node_modules\twilio\lib\rest\Twilio.js:33:9)
    at TwilioSDK (E:\Project 2\backend\node_modules\twilio\lib\index.js:40:12)
    at NotificationService.initializeServices (E:\Project 2\backend\services\notificationService.js:36:26)
    at new NotificationService (E:\Project 2\backend\services\notificationService.js:9:10)
    at Object.<anonymous> (E:\Project 2\backend\services\notificationService.js:437:18)
    at Module._compile (node:internal/modules/cjs/loader:1730:14)
    at Object..js (node:internal/modules/cjs/loader:1895:10)
    at Module.load (node:internal/modules/cjs/loader:1465:32)
    at Function._load (node:internal/modules/cjs/loader:1282:12)
2025-07-02 10:15:50 [ERROR]: ❌ MongoDB connection failed:
2025-07-06 11:53:12 [ERROR]: ❌ MongoDB connection failed:
2025-07-06 11:57:45 [ERROR]: MySQL query error:
2025-07-06 11:57:45 [ERROR]: Error: Unknown column 'a.appointment_time' in 'order clause'
    at PromisePool.execute (E:\Project 2\backend\node_modules\mysql2\lib\promise\pool.js:54:22)
    at MySQLConnection.query (E:\Project 2\backend\config\mysql.js:49:38)
    at DoctorController.getUpcomingAppointmentsWithDetails (E:\Project 2\backend\controllers\doctorController.js:496:36)
    at getDashboard (E:\Project 2\backend\controllers\doctorController.js:367:59)
    at process.processTicksAndRejections (node:internal/process/task_queues:105:5)
2025-07-06 11:57:45 [ERROR]: MySQL query error:
2025-07-06 11:57:45 [ERROR]: Error: Table 'caresync.doctor_reviews' doesn't exist
    at PromisePool.execute (E:\Project 2\backend\node_modules\mysql2\lib\promise\pool.js:54:22)
    at MySQLConnection.query (E:\Project 2\backend\config\mysql.js:49:38)
    at DoctorController.getAverageRating (E:\Project 2\backend\controllers\doctorController.js:568:44)
    at getDashboard (E:\Project 2\backend\controllers\doctorController.js:377:26)
    at process.processTicksAndRejections (node:internal/process/task_queues:105:5)
2025-07-06 11:57:56 [ERROR]: MySQL query error:
2025-07-06 11:57:56 [ERROR]: Error: Unknown column 'a.appointment_time' in 'order clause'
    at PromisePool.execute (E:\Project 2\backend\node_modules\mysql2\lib\promise\pool.js:54:22)
    at MySQLConnection.query (E:\Project 2\backend\config\mysql.js:49:38)
    at DoctorController.getUpcomingAppointmentsWithDetails (E:\Project 2\backend\controllers\doctorController.js:496:36)
    at getDashboard (E:\Project 2\backend\controllers\doctorController.js:367:59)
    at process.processTicksAndRejections (node:internal/process/task_queues:105:5)
2025-07-06 11:57:56 [ERROR]: MySQL query error:
2025-07-06 11:57:56 [ERROR]: Error: Table 'caresync.doctor_reviews' doesn't exist
    at PromisePool.execute (E:\Project 2\backend\node_modules\mysql2\lib\promise\pool.js:54:22)
    at MySQLConnection.query (E:\Project 2\backend\config\mysql.js:49:38)
    at DoctorController.getAverageRating (E:\Project 2\backend\controllers\doctorController.js:568:44)
    at getDashboard (E:\Project 2\backend\controllers\doctorController.js:377:26)
    at process.processTicksAndRejections (node:internal/process/task_queues:105:5)
2025-07-06 13:06:27 [ERROR]: ❌ MongoDB connection failed:
2025-07-06 13:31:02 [ERROR]: ❌ MongoDB connection failed:
2025-07-06 13:33:11 [ERROR]: ❌ MongoDB connection failed:
2025-07-06 13:43:45 [ERROR]: ❌ MongoDB connection failed:
